// Jest Snapshot v1, https://goo.gl/fbAQLP

exports[`renders correctly 1`] = `
.c4 {
  display: -webkit-box;
  display: -webkit-flex;
  display: -ms-flexbox;
  display: flex;
  -webkit-flex-wrap: wrap;
  -ms-flex-wrap: wrap;
  flex-wrap: wrap;
  -webkit-box-pack: justify;
  -webkit-justify-content: space-between;
  -ms-flex-pack: justify;
  justify-content: space-between;
  max-height: 50vh;
}

.c4 .thirds {
  width: 32%;
}

.c3 {
  display: block;
  font-family: Open Sans,sans-serif;
  font-size: 0.85rem;
  font-weight: 700;
  line-height: 1rem;
  margin: 0.5rem 0rem;
}

.c5 {
  padding: 0.1rem 0;
}

.c0 {
  padding-left: 2rem;
}

.c1 {
  height: 2rem;
  width: 5rem;
  font-size: 0.8rem;
  margin-bottom: 0.5rem;
}

.c2 {
  font-size: 0.8rem;
  background-color: #ff471a;
  height: 2rem;
  width: 5rem;
  margin-bottom: 0.5rem;
}

<div
  className="c0"
>
  
  <h1
    className=""
  >
     Permitted Fields
  </h1>
  <button
    className="c1"
    onClick={[Function]}
    type="button"
  >
    Submit
  </button>
  <button
    className="c2"
    onClick={[Function]}
    type="button"
  >
    Delete
  </button>
  <form>
    <span
      className="c3"
    >
      Non-null fields
    </span>
    <div
      className="c4"
    >
      <div
        className="c5"
      >
        <label
          htmlFor="handoff_timestamp"
        >
          <input
            id="handoff_timestamp"
            name="handoff_timestamp"
            onChange={[Function]}
            type="checkbox"
            value=""
          />
          handoff_timestamp
        </label>
      </div>
    </div>
    <span
      className="c3"
    >
      Permitted fields
    </span>
    <div
      className="c4"
    >
      <div
        className="c5 thirds"
      >
        <label
          htmlFor="age"
        >
          <input
            id="age"
            name="age"
            onChange={[Function]}
            type="checkbox"
            value=""
          />
          Age
        </label>
      </div>
      <div
        className="c5 thirds"
      >
        <label
          htmlFor="ar_full_name"
        >
          <input
            id="ar_full_name"
            name="ar_full_name"
            onChange={[Function]}
            type="checkbox"
            value=""
          />
          AR Full Name
        </label>
      </div>
      <div
        className="c5 thirds"
      >
        <label
          htmlFor="arcurrentcountry"
        >
          <input
            id="arcurrentcountry"
            name="arcurrentcountry"
            onChange={[Function]}
            type="checkbox"
            value=""
          />
          Arcurrentcountry
        </label>
      </div>
      <div
        className="c5 thirds"
      >
        <label
          htmlFor="arfullrsc"
        >
          <input
            id="arfullrsc"
            name="arfullrsc"
            onChange={[Function]}
            type="checkbox"
            value=""
          />
          Arfullrsc
        </label>
      </div>
      <div
        className="c5 thirds"
      >
        <label
          htmlFor="arnationality1"
        >
          <input
            id="arnationality1"
            name="arnationality1"
            onChange={[Function]}
            type="checkbox"
            value=""
          />
          Arnationality1
        </label>
      </div>
      <div
        className="c5 thirds"
      >
        <label
          htmlFor="arrsc"
        >
          <input
            id="arrsc"
            name="arrsc"
            onChange={[Function]}
            type="checkbox"
            value=""
          />
          Arrsc
        </label>
      </div>
      <div
        className="c5 thirds"
      >
        <label
          htmlFor="blocked"
        >
          <input
            id="blocked"
            name="blocked"
            onChange={[Function]}
            type="checkbox"
            value=""
          />
          Blocked
        </label>
      </div>
      <div
        className="c5 thirds"
      >
        <label
          htmlFor="canadian_private_sponsorhip"
        >
          <input
            id="canadian_private_sponsorhip"
            name="canadian_private_sponsorhip"
            onChange={[Function]}
            type="checkbox"
            value=""
          />
          Canadian Private Sponsorhip
        </label>
      </div>
      <div
        className="c5 thirds"
      >
        <label
          htmlFor="canadian_sponsorship_info_rating"
        >
          <input
            id="canadian_sponsorship_info_rating"
            name="canadian_sponsorship_info_rating"
            onChange={[Function]}
            type="checkbox"
            value=""
          />
          Canadian Sponsorship Info Rating
        </label>
      </div>
      <div
        className="c5 thirds"
      >
        <label
          htmlFor="canadian_sponsorship_info_response"
        >
          <input
            id="canadian_sponsorship_info_response"
            name="canadian_sponsorship_info_response"
            onChange={[Function]}
            type="checkbox"
            value=""
          />
          Canadian Sponsorship Info Response
        </label>
      </div>
      <div
        className="c5 thirds"
      >
        <label
          htmlFor="child_illness"
        >
          <input
            id="child_illness"
            name="child_illness"
            onChange={[Function]}
            type="checkbox"
            value=""
          />
          Child Illness
        </label>
      </div>
      <div
        className="c5 thirds"
      >
        <label
          htmlFor="createdAt"
        >
          <input
            id="createdAt"
            name="createdAt"
            onChange={[Function]}
            type="checkbox"
            value=""
          />
          Created At
        </label>
      </div>
      <div
        className="c5 thirds"
      >
        <label
          htmlFor="created_on"
        >
          <input
            id="created_on"
            name="created_on"
            onChange={[Function]}
            type="checkbox"
            value=""
          />
          Created On
        </label>
      </div>
      <div
        className="c5 thirds"
      >
        <label
          htmlFor="current_country"
        >
          <input
            id="current_country"
            name="current_country"
            onChange={[Function]}
            type="checkbox"
            value=""
          />
          Current Country
        </label>
      </div>
      <div
        className="c5 thirds"
      >
        <label
          htmlFor="dap_as_relative_of_siv"
        >
          <input
            id="dap_as_relative_of_siv"
            name="dap_as_relative_of_siv"
            onChange={[Function]}
            type="checkbox"
            value=""
          />
          DAP as Relative of SIV
        </label>
      </div>
      <div
        className="c5 thirds"
      >
        <label
          htmlFor="dap_via_ev"
        >
          <input
            id="dap_via_ev"
            name="dap_via_ev"
            onChange={[Function]}
            type="checkbox"
            value=""
          />
          DAP via EV
        </label>
      </div>
      <div
        className="c5 thirds"
      >
        <label
          htmlFor="dap_via_i_130"
        >
          <input
            id="dap_via_i_130"
            name="dap_via_i_130"
            onChange={[Function]}
            type="checkbox"
            value=""
          />
          DAP via I 130
        </label>
      </div>
      <div
        className="c5 thirds"
      >
        <label
          htmlFor="dapev_info_rating"
        >
          <input
            id="dapev_info_rating"
            name="dapev_info_rating"
            onChange={[Function]}
            type="checkbox"
            value=""
          />
          Dapev Info Rating
        </label>
      </div>
      <div
        className="c5 thirds"
      >
        <label
          htmlFor="dapev_info_response"
        >
          <input
            id="dapev_info_response"
            name="dapev_info_response"
            onChange={[Function]}
            type="checkbox"
            value=""
          />
          Dapev Info Response
        </label>
      </div>
      <div
        className="c5 thirds"
      >
        <label
          htmlFor="dapi130_info_rating"
        >
          <input
            id="dapi130_info_rating"
            name="dapi130_info_rating"
            onChange={[Function]}
            type="checkbox"
            value=""
          />
          Dapi130 Info Rating
        </label>
      </div>
      <div
        className="c5 thirds"
      >
        <label
          htmlFor="dapi130_info_response"
        >
          <input
            id="dapi130_info_response"
            name="dapi130_info_response"
            onChange={[Function]}
            type="checkbox"
            value=""
          />
          Dapi130 Info Response
        </label>
      </div>
      <div
        className="c5 thirds"
      >
        <label
          htmlFor="daprelsiv_info_rating"
        >
          <input
            id="daprelsiv_info_rating"
            name="daprelsiv_info_rating"
            onChange={[Function]}
            type="checkbox"
            value=""
          />
          Daprelsiv Info Rating
        </label>
      </div>
      <div
        className="c5 thirds"
      >
        <label
          htmlFor="daprelsiv_response"
        >
          <input
            id="daprelsiv_response"
            name="daprelsiv_response"
            onChange={[Function]}
            type="checkbox"
            value=""
          />
          Daprelsiv Response
        </label>
      </div>
      <div
        className="c5 thirds"
      >
        <label
          htmlFor="email_address1"
        >
          <input
            id="email_address1"
            name="email_address1"
            onChange={[Function]}
            type="checkbox"
            value=""
          />
          Email Address 1
        </label>
      </div>
      <div
        className="c5 thirds"
      >
        <label
          htmlFor="en_full_name"
        >
          <input
            id="en_full_name"
            name="en_full_name"
            onChange={[Function]}
            type="checkbox"
            value=""
          />
          EN Full Name
        </label>
      </div>
      <div
        className="c5 thirds"
      >
        <label
          htmlFor="end_feedback_follow_up_conversation"
        >
          <input
            id="end_feedback_follow_up_conversation"
            name="end_feedback_follow_up_conversation"
            onChange={[Function]}
            type="checkbox"
            value=""
          />
          End Feedback Follow Up Conversation
        </label>
      </div>
      <div
        className="c5 thirds"
      >
        <label
          htmlFor="end_feedback_helpfulness_open_ended"
        >
          <input
            id="end_feedback_helpfulness_open_ended"
            name="end_feedback_helpfulness_open_ended"
            onChange={[Function]}
            type="checkbox"
            value=""
          />
          End Feedback Helpfulness Open Ended
        </label>
      </div>
      <div
        className="c5 thirds"
      >
        <label
          htmlFor="end_feedback_helpfulness_rating"
        >
          <input
            id="end_feedback_helpfulness_rating"
            name="end_feedback_helpfulness_rating"
            onChange={[Function]}
            type="checkbox"
            value=""
          />
          End Feedback Helpfulness Rating
        </label>
      </div>
      <div
        className="c5 thirds"
      >
        <label
          htmlFor="end_feedback_other_information_needs"
        >
          <input
            id="end_feedback_other_information_needs"
            name="end_feedback_other_information_needs"
            onChange={[Function]}
            type="checkbox"
            value=""
          />
          End Feedback Other Information Needs
        </label>
      </div>
      <div
        className="c5 thirds"
      >
        <label
          htmlFor="end_feedback_recommend_open_ended"
        >
          <input
            id="end_feedback_recommend_open_ended"
            name="end_feedback_recommend_open_ended"
            onChange={[Function]}
            type="checkbox"
            value=""
          />
          End Feedback Recommend Open Ended
        </label>
      </div>
      <div
        className="c5 thirds"
      >
        <label
          htmlFor="end_feedback_recommend_rating"
        >
          <input
            id="end_feedback_recommend_rating"
            name="end_feedback_recommend_rating"
            onChange={[Function]}
            type="checkbox"
            value=""
          />
          End Feedback Recommend Rating
        </label>
      </div>
      <div
        className="c5 thirds"
      >
        <label
          htmlFor="eo_waiver"
        >
          <input
            id="eo_waiver"
            name="eo_waiver"
            onChange={[Function]}
            type="checkbox"
            value=""
          />
          EO Waiver
        </label>
      </div>
      <div
        className="c5 thirds"
      >
        <label
          htmlFor="fam_num"
        >
          <input
            id="fam_num"
            name="fam_num"
            onChange={[Function]}
            type="checkbox"
            value=""
          />
          Spouse Name
        </label>
      </div>
      <div
        className="c5 thirds"
      >
        <label
          htmlFor="firstname"
        >
          <input
            id="firstname"
            name="firstname"
            onChange={[Function]}
            type="checkbox"
            value=""
          />
          Firstname
        </label>
      </div>
      <div
        className="c5 thirds"
      >
        <label
          htmlFor="fullrsc"
        >
          <input
            id="fullrsc"
            name="fullrsc"
            onChange={[Function]}
            type="checkbox"
            value=""
          />
          Fullrsc
        </label>
      </div>
      <div
        className="c5 thirds"
      >
        <label
          htmlFor="gender"
        >
          <input
            id="gender"
            name="gender"
            onChange={[Function]}
            type="checkbox"
            value=""
          />
          Gender
        </label>
      </div>
      <div
        className="c5 thirds"
      >
        <label
          htmlFor="german_reunification_info_rating"
        >
          <input
            id="german_reunification_info_rating"
            name="german_reunification_info_rating"
            onChange={[Function]}
            type="checkbox"
            value=""
          />
          German Reunification Info Rating
        </label>
      </div>
      <div
        className="c5 thirds"
      >
        <label
          htmlFor="german_reunification_info_response"
        >
          <input
            id="german_reunification_info_response"
            name="german_reunification_info_response"
            onChange={[Function]}
            type="checkbox"
            value=""
          />
          German Reunification Info Response
        </label>
      </div>
      <div
        className="c5 thirds"
      >
        <label
          htmlFor="germany_family_reunification"
        >
          <input
            id="germany_family_reunification"
            name="germany_family_reunification"
            onChange={[Function]}
            type="checkbox"
            value=""
          />
          Germany Family Reunification
        </label>
      </div>
      <div
        className="c5 thirds"
      >
        <label
          htmlFor="groups"
        >
          <input
            id="groups"
            name="groups"
            onChange={[Function]}
            type="checkbox"
            value=""
          />
          Groups
        </label>
      </div>
      <div
        className="c5 thirds"
      >
        <label
          htmlFor="handoff_timestamp"
        >
          <input
            id="handoff_timestamp"
            name="handoff_timestamp"
            onChange={[Function]}
            type="checkbox"
            value=""
          />
          Handoff Timestamp
        </label>
      </div>
      <div
        className="c5 thirds"
      >
        <label
          htmlFor="has_unhcr_file"
        >
          <input
            id="has_unhcr_file"
            name="has_unhcr_file"
            onChange={[Function]}
            type="checkbox"
            value=""
          />
          Has Unhcr File
        </label>
      </div>
      <div
        className="c5 thirds"
      >
        <label
          htmlFor="hired_lawyer"
        >
          <input
            id="hired_lawyer"
            name="hired_lawyer"
            onChange={[Function]}
            type="checkbox"
            value=""
          />
          Hired Lawyer
        </label>
      </div>
      <div
        className="c5 thirds"
      >
        <label
          htmlFor="i130_info_rating"
        >
          <input
            id="i130_info_rating"
            name="i130_info_rating"
            onChange={[Function]}
            type="checkbox"
            value=""
          />
          I130 Info Rating
        </label>
      </div>
      <div
        className="c5 thirds"
      >
        <label
          htmlFor="i130_info_response"
        >
          <input
            id="i130_info_response"
            name="i130_info_response"
            onChange={[Function]}
            type="checkbox"
            value=""
          />
          I130 Info Response
        </label>
      </div>
      <div
        className="c5 thirds"
      >
        <label
          htmlFor="i730_info_rating"
        >
          <input
            id="i730_info_rating"
            name="i730_info_rating"
            onChange={[Function]}
            type="checkbox"
            value=""
          />
          I730 Info Rating
        </label>
      </div>
      <div
        className="c5 thirds"
      >
        <label
          htmlFor="i730_info_response"
        >
          <input
            id="i730_info_response"
            name="i730_info_response"
            onChange={[Function]}
            type="checkbox"
            value=""
          />
          I730 Info Response
        </label>
      </div>
      <div
        className="c5 thirds"
      >
        <label
          htmlFor="i_130_f"
        >
          <input
            id="i_130_f"
            name="i_130_f"
            onChange={[Function]}
            type="checkbox"
            value=""
          />
          I 130 F
        </label>
      </div>
      <div
        className="c5 thirds"
      >
        <label
          htmlFor="i_130_ir"
        >
          <input
            id="i_130_ir"
            name="i_130_ir"
            onChange={[Function]}
            type="checkbox"
            value=""
          />
          I 130 Ir
        </label>
      </div>
      <div
        className="c5 thirds"
      >
        <label
          htmlFor="i_730_pathway"
        >
          <input
            id="i_730_pathway"
            name="i_730_pathway"
            onChange={[Function]}
            type="checkbox"
            value=""
          />
          I 730 Pathway
        </label>
      </div>
      <div
        className="c5 thirds"
      >
        <label
          htmlFor="icorn_cpj"
        >
          <input
            id="icorn_cpj"
            name="icorn_cpj"
            onChange={[Function]}
            type="checkbox"
            value=""
          />
          ICORN CPJ
        </label>
      </div>
      <div
        className="c5 thirds"
      >
        <label
          htmlFor="icorn_info_rating"
        >
          <input
            id="icorn_info_rating"
            name="icorn_info_rating"
            onChange={[Function]}
            type="checkbox"
            value=""
          />
          Icorn Info Rating
        </label>
      </div>
      <div
        className="c5 thirds"
      >
        <label
          htmlFor="icorn_info_response"
        >
          <input
            id="icorn_info_response"
            name="icorn_info_response"
            onChange={[Function]}
            type="checkbox"
            value=""
          />
          Icorn Info Response
        </label>
      </div>
      <div
        className="c5 thirds"
      >
        <label
          htmlFor="id"
        >
          <input
            id="id"
            name="id"
            onChange={[Function]}
            type="checkbox"
            value=""
          />
          Id
        </label>
      </div>
      <div
        className="c5 thirds"
      >
        <label
          htmlFor="lack_of_durable_solutions"
        >
          <input
            id="lack_of_durable_solutions"
            name="lack_of_durable_solutions"
            onChange={[Function]}
            type="checkbox"
            value=""
          />
          Lack Of Durable Solutions
        </label>
      </div>
      <div
        className="c5 thirds"
      >
        <label
          htmlFor="language"
        >
          <input
            id="language"
            name="language"
            onChange={[Function]}
            type="checkbox"
            value=""
          />
          Language
        </label>
      </div>
      <div
        className="c5 thirds"
      >
        <label
          htmlFor="lgbt"
        >
          <input
            id="lgbt"
            name="lgbt"
            onChange={[Function]}
            type="checkbox"
            value=""
          />
          LGBT
        </label>
      </div>
      <div
        className="c5 thirds"
      >
        <label
          htmlFor="lppn_score"
        >
          <input
            id="lppn_score"
            name="lppn_score"
            onChange={[Function]}
            type="checkbox"
            value=""
          />
          Lppn Score
        </label>
      </div>
      <div
        className="c5 thirds"
      >
        <label
          htmlFor="marital_status"
        >
          <input
            id="marital_status"
            name="marital_status"
            onChange={[Function]}
            type="checkbox"
            value=""
          />
          Marital Status
        </label>
      </div>
      <div
        className="c5 thirds"
      >
        <label
          htmlFor="medical_needs_score"
        >
          <input
            id="medical_needs_score"
            name="medical_needs_score"
            onChange={[Function]}
            type="checkbox"
            value=""
          />
          Medical Needs Score
        </label>
      </div>
      <div
        className="c5 thirds"
      >
        <label
          htmlFor="minor_or_adult"
        >
          <input
            id="minor_or_adult"
            name="minor_or_adult"
            onChange={[Function]}
            type="checkbox"
            value=""
          />
          Minor Or Adult
        </label>
      </div>
      <div
        className="c5 thirds"
      >
        <label
          htmlFor="modified_on"
        >
          <input
            id="modified_on"
            name="modified_on"
            onChange={[Function]}
            type="checkbox"
            value=""
          />
          Modified On
        </label>
      </div>
      <div
        className="c5 thirds"
      >
        <label
          htmlFor="name"
        >
          <input
            id="name"
            name="name"
            onChange={[Function]}
            type="checkbox"
            value=""
          />
          Name
        </label>
      </div>
      <div
        className="c5 thirds"
      >
        <label
          htmlFor="nationality1"
        >
          <input
            id="nationality1"
            name="nationality1"
            onChange={[Function]}
            type="checkbox"
            value=""
          />
          Nationality1
        </label>
      </div>
      <div
        className="c5 thirds"
      >
        <label
          htmlFor="nationality2"
        >
          <input
            id="nationality2"
            name="nationality2"
            onChange={[Function]}
            type="checkbox"
            value=""
          />
          Nationality2
        </label>
      </div>
      <div
        className="c5 thirds"
      >
        <label
          htmlFor="nationality3"
        >
          <input
            id="nationality3"
            name="nationality3"
            onChange={[Function]}
            type="checkbox"
            value=""
          />
          Nationality3
        </label>
      </div>
      <div
        className="c5 thirds"
      >
        <label
          htmlFor="ongoing_usrap"
        >
          <input
            id="ongoing_usrap"
            name="ongoing_usrap"
            onChange={[Function]}
            type="checkbox"
            value=""
          />
          Ongoing Usrap
        </label>
      </div>
      <div
        className="c5 thirds"
      >
        <label
          htmlFor="p3_info_rating"
        >
          <input
            id="p3_info_rating"
            name="p3_info_rating"
            onChange={[Function]}
            type="checkbox"
            value=""
          />
          P3 Info Rating
        </label>
      </div>
      <div
        className="c5 thirds"
      >
        <label
          htmlFor="p3_info_response"
        >
          <input
            id="p3_info_response"
            name="p3_info_response"
            onChange={[Function]}
            type="checkbox"
            value=""
          />
          P3 Info Response
        </label>
      </div>
      <div
        className="c5 thirds"
      >
        <label
          htmlFor="p_3"
        >
          <input
            id="p_3"
            name="p_3"
            onChange={[Function]}
            type="checkbox"
            value=""
          />
          P 3
        </label>
      </div>
      <div
        className="c5 thirds"
      >
        <label
          htmlFor="pause_handoffs"
        >
          <input
            id="pause_handoffs"
            name="pause_handoffs"
            onChange={[Function]}
            type="checkbox"
            value=""
          />
          Pause Handoffs
        </label>
      </div>
      <div
        className="c5 thirds"
      >
        <label
          htmlFor="phone_number"
        >
          <input
            id="phone_number"
            name="phone_number"
            onChange={[Function]}
            type="checkbox"
            value=""
          />
          Phone Number
        </label>
      </div>
      <div
        className="c5 thirds"
      >
        <label
          htmlFor="prescreening_complete"
        >
          <input
            id="prescreening_complete"
            name="prescreening_complete"
            onChange={[Function]}
            type="checkbox"
            value=""
          />
          Prescreening Complete
        </label>
      </div>
      <div
        className="c5 thirds"
      >
        <label
          htmlFor="previous_us_resettlement"
        >
          <input
            id="previous_us_resettlement"
            name="previous_us_resettlement"
            onChange={[Function]}
            type="checkbox"
            value=""
          />
          Previous Us Resettlement
        </label>
      </div>
      <div
        className="c5 thirds"
      >
        <label
          htmlFor="pro_se_guidance_received"
        >
          <input
            id="pro_se_guidance_received"
            name="pro_se_guidance_received"
            onChange={[Function]}
            type="checkbox"
            value=""
          />
          Pro Se Guidance Received
        </label>
      </div>
      <div
        className="c5 thirds"
      >
        <label
          htmlFor="referral_complete"
        >
          <input
            id="referral_complete"
            name="referral_complete"
            onChange={[Function]}
            type="checkbox"
            value=""
          />
          Referral Complete
        </label>
      </div>
      <div
        className="c5 thirds"
      >
        <label
          htmlFor="relative_abroad_location"
        >
          <input
            id="relative_abroad_location"
            name="relative_abroad_location"
            onChange={[Function]}
            type="checkbox"
            value=""
          />
          Relative Abroad Location
        </label>
      </div>
      <div
        className="c5 thirds"
      >
        <label
          htmlFor="relative_abroad_location1"
        >
          <input
            id="relative_abroad_location1"
            name="relative_abroad_location1"
            onChange={[Function]}
            type="checkbox"
            value=""
          />
          Relative Abroad Location1
        </label>
      </div>
      <div
        className="c5 thirds"
      >
        <label
          htmlFor="relative_abroad_location3"
        >
          <input
            id="relative_abroad_location3"
            name="relative_abroad_location3"
            onChange={[Function]}
            type="checkbox"
            value=""
          />
          Relative Abroad Location3
        </label>
      </div>
      <div
        className="c5 thirds"
      >
        <label
          htmlFor="relative_abroad_location4"
        >
          <input
            id="relative_abroad_location4"
            name="relative_abroad_location4"
            onChange={[Function]}
            type="checkbox"
            value=""
          />
          Relative Abroad Location4
        </label>
      </div>
      <div
        className="c5 thirds"
      >
        <label
          htmlFor="relative_abroad_location5"
        >
          <input
            id="relative_abroad_location5"
            name="relative_abroad_location5"
            onChange={[Function]}
            type="checkbox"
            value=""
          />
          Relative Abroad Location5
        </label>
      </div>
      <div
        className="c5 thirds"
      >
        <label
          htmlFor="relative_abroad_name"
        >
          <input
            id="relative_abroad_name"
            name="relative_abroad_name"
            onChange={[Function]}
            type="checkbox"
            value=""
          />
          Relative Abroad Name
        </label>
      </div>
      <div
        className="c5 thirds"
      >
        <label
          htmlFor="relative_abroad_name1"
        >
          <input
            id="relative_abroad_name1"
            name="relative_abroad_name1"
            onChange={[Function]}
            type="checkbox"
            value=""
          />
          Relative Abroad Name1
        </label>
      </div>
      <div
        className="c5 thirds"
      >
        <label
          htmlFor="relative_abroad_name2"
        >
          <input
            id="relative_abroad_name2"
            name="relative_abroad_name2"
            onChange={[Function]}
            type="checkbox"
            value=""
          />
          Relative Abroad Name2
        </label>
      </div>
      <div
        className="c5 thirds"
      >
        <label
          htmlFor="resettlement_relatives"
        >
          <input
            id="resettlement_relatives"
            name="resettlement_relatives"
            onChange={[Function]}
            type="checkbox"
            value=""
          />
          Resettlement Relatives
        </label>
      </div>
      <div
        className="c5 thirds"
      >
        <label
          htmlFor="rfr_submission"
        >
          <input
            id="rfr_submission"
            name="rfr_submission"
            onChange={[Function]}
            type="checkbox"
            value=""
          />
          RFR Submission
        </label>
      </div>
      <div
        className="c5 thirds"
      >
        <label
          htmlFor="rsc"
        >
          <input
            id="rsc"
            name="rsc"
            onChange={[Function]}
            type="checkbox"
            value=""
          />
          Rsc
        </label>
      </div>
      <div
        className="c5 thirds"
      >
        <label
          htmlFor="rsc_case_status_portal"
        >
          <input
            id="rsc_case_status_portal"
            name="rsc_case_status_portal"
            onChange={[Function]}
            type="checkbox"
            value=""
          />
          Rsc Case Status Portal
        </label>
      </div>
      <div
        className="c5 thirds"
      >
        <label
          htmlFor="rsc_contact_email"
        >
          <input
            id="rsc_contact_email"
            name="rsc_contact_email"
            onChange={[Function]}
            type="checkbox"
            value=""
          />
          Rsc Contact Email
        </label>
      </div>
      <div
        className="c5 thirds"
      >
        <label
          htmlFor="siv"
        >
          <input
            id="siv"
            name="siv"
            onChange={[Function]}
            type="checkbox"
            value=""
          />
          SIV
        </label>
      </div>
      <div
        className="c5 thirds"
      >
        <label
          htmlFor="siv_101a"
        >
          <input
            id="siv_101a"
            name="siv_101a"
            onChange={[Function]}
            type="checkbox"
            value=""
          />
          SIV 101a
        </label>
      </div>
      <div
        className="c5 thirds"
      >
        <label
          htmlFor="siv_1059"
        >
          <input
            id="siv_1059"
            name="siv_1059"
            onChange={[Function]}
            type="checkbox"
            value=""
          />
          SIV 1059
        </label>
      </div>
      <div
        className="c5 thirds"
      >
        <label
          htmlFor="siv_follow_to_join"
        >
          <input
            id="siv_follow_to_join"
            name="siv_follow_to_join"
            onChange={[Function]}
            type="checkbox"
            value=""
          />
          SIV Follow to Join
        </label>
      </div>
      <div
        className="c5 thirds"
      >
        <label
          htmlFor="stopped"
        >
          <input
            id="stopped"
            name="stopped"
            onChange={[Function]}
            type="checkbox"
            value=""
          />
          Stopped
        </label>
      </div>
      <div
        className="c5 thirds"
      >
        <label
          htmlFor="svt"
        >
          <input
            id="svt"
            name="svt"
            onChange={[Function]}
            type="checkbox"
            value=""
          />
          Svt
        </label>
      </div>
      <div
        className="c5 thirds"
      >
        <label
          htmlFor="textitContactName"
        >
          <input
            id="textitContactName"
            name="textitContactName"
            onChange={[Function]}
            type="checkbox"
            value=""
          />
          Textitcontactname
        </label>
      </div>
      <div
        className="c5 thirds"
      >
        <label
          htmlFor="textitContactUuid"
        >
          <input
            id="textitContactUuid"
            name="textitContactUuid"
            onChange={[Function]}
            type="checkbox"
            value=""
          />
          Textitcontactuuid
        </label>
      </div>
      <div
        className="c5 thirds"
      >
        <label
          htmlFor="textitSessionId"
        >
          <input
            id="textitSessionId"
            name="textitSessionId"
            onChange={[Function]}
            type="checkbox"
            value=""
          />
          Textitsessionid
        </label>
      </div>
      <div
        className="c5 thirds"
      >
        <label
          htmlFor="unaccompanied_minor"
        >
          <input
            id="unaccompanied_minor"
            name="unaccompanied_minor"
            onChange={[Function]}
            type="checkbox"
            value=""
          />
          Unaccompanied Minor
        </label>
      </div>
      <div
        className="c5 thirds"
      >
        <label
          htmlFor="unhcr_case_file_family_adultminor_2"
        >
          <input
            id="unhcr_case_file_family_adultminor_2"
            name="unhcr_case_file_family_adultminor_2"
            onChange={[Function]}
            type="checkbox"
            value=""
          />
          Kimlik Number
        </label>
      </div>
      <div
        className="c5 thirds"
      >
        <label
          htmlFor="unhcr_case_file_family_adultminor_6"
        >
          <input
            id="unhcr_case_file_family_adultminor_6"
            name="unhcr_case_file_family_adultminor_6"
            onChange={[Function]}
            type="checkbox"
            value=""
          />
          External Services Info Received
        </label>
      </div>
      <div
        className="c5 thirds"
      >
        <label
          htmlFor="unhcr_number"
        >
          <input
            id="unhcr_number"
            name="unhcr_number"
            onChange={[Function]}
            type="checkbox"
            value=""
          />
          UNHCR Number
        </label>
      </div>
      <div
        className="c5 thirds"
      >
        <label
          htmlFor="unique_session_id"
        >
          <input
            id="unique_session_id"
            name="unique_session_id"
            onChange={[Function]}
            type="checkbox"
            value=""
          />
          Unique Session Id
        </label>
      </div>
      <div
        className="c5 thirds"
      >
        <label
          htmlFor="updatedAt"
        >
          <input
            id="updatedAt"
            name="updatedAt"
            onChange={[Function]}
            type="checkbox"
            value=""
          />
          Updatedat
        </label>
      </div>
      <div
        className="c5 thirds"
      >
        <label
          htmlFor="urns"
        >
          <input
            id="urns"
            name="urns"
            onChange={[Function]}
            type="checkbox"
            value=""
          />
          Urns
        </label>
      </div>
      <div
        className="c5 thirds"
      >
        <label
          htmlFor="us_prior_admission"
        >
          <input
            id="us_prior_admission"
            name="us_prior_admission"
            onChange={[Function]}
            type="checkbox"
            value=""
          />
          US Prior Admission
        </label>
      </div>
      <div
        className="c5 thirds"
      >
        <label
          htmlFor="us_relative_relationship"
        >
          <input
            id="us_relative_relationship"
            name="us_relative_relationship"
            onChange={[Function]}
            type="checkbox"
            value=""
          />
          Us Relative Relationship
        </label>
      </div>
      <div
        className="c5 thirds"
      >
        <label
          htmlFor="us_relative_relationship1"
        >
          <input
            id="us_relative_relationship1"
            name="us_relative_relationship1"
            onChange={[Function]}
            type="checkbox"
            value=""
          />
          Us Relative Relationship1
        </label>
      </div>
      <div
        className="c5 thirds"
      >
        <label
          htmlFor="usrap_access"
        >
          <input
            id="usrap_access"
            name="usrap_access"
            onChange={[Function]}
            type="checkbox"
            value=""
          />
          USRAP Access
        </label>
      </div>
      <div
        className="c5 thirds"
      >
        <label
          htmlFor="usrap_case_number"
        >
          <input
            id="usrap_case_number"
            name="usrap_case_number"
            onChange={[Function]}
            type="checkbox"
            value=""
          />
          USRAP Case Number
        </label>
      </div>
      <div
        className="c5 thirds"
      >
        <label
          htmlFor="usrap_info_rating"
        >
          <input
            id="usrap_info_rating"
            name="usrap_info_rating"
            onChange={[Function]}
            type="checkbox"
            value=""
          />
          Usrap Info Rating
        </label>
      </div>
      <div
        className="c5 thirds"
      >
        <label
          htmlFor="usrap_info_response"
        >
          <input
            id="usrap_info_response"
            name="usrap_info_response"
            onChange={[Function]}
            type="checkbox"
            value=""
          />
          Usrap Info Response
        </label>
      </div>
      <div
        className="c5 thirds"
      >
        <label
          htmlFor="uuid"
        >
          <input
            id="uuid"
            name="uuid"
            onChange={[Function]}
            type="checkbox"
            value=""
          />
          Uuid
        </label>
      </div>
      <div
        className="c5 thirds"
      >
        <label
          htmlFor="vulnerability_assessed"
        >
          <input
            id="vulnerability_assessed"
            name="vulnerability_assessed"
            onChange={[Function]}
            type="checkbox"
            value=""
          />
          Vulnerability Assessed
        </label>
      </div>
      <div
        className="c5 thirds"
      >
        <label
          htmlFor="western_left"
        >
          <input
            id="western_left"
            name="western_left"
            onChange={[Function]}
            type="checkbox"
            value=""
          />
          Western Left
        </label>
      </div>
      <div
        className="c5 thirds"
      >
        <label
          htmlFor="western_right"
        >
          <input
            id="western_right"
            name="western_right"
            onChange={[Function]}
            type="checkbox"
            value=""
          />
          Western Right
        </label>
      </div>
      <div
        className="c5 thirds"
      >
        <label
          htmlFor="women_and_girls_at_risk"
        >
          <input
            id="women_and_girls_at_risk"
            name="women_and_girls_at_risk"
            onChange={[Function]}
            type="checkbox"
            value=""
          />
          Women And Girls At Risk
        </label>
      </div>
    </div>
    <br />
  </form>
</div>
`;
