// Jest Snapshot v1, https://goo.gl/fbAQLP

exports[`renders correctly 1`] = `
.c0 {
  height: 4rem;
  display: -webkit-box;
  display: -webkit-flex;
  display: -ms-flexbox;
  display: flex;
  -webkit-align-items: center;
  -webkit-box-align: center;
  -ms-flex-align: center;
  align-items: center;
  padding-left: 3rem;
  margin: 1rem;
  border-radius: 0.5rem;
  -webkit-text-decoration: none;
  text-decoration: none;
  font-weight: 600;
}

<div>
  <a
    className="c0"
    href="/dashboard/organizations/organization-export-template/Irap"
    onClick={[Function]}
  >
    Irap
  </a>
  <a
    className="c0"
    href="/dashboard/organizations/organization-export-template/UNHCR"
    onClick={[Function]}
  >
    UNHCR
  </a>
</div>
`;
