// Jest Snapshot v1, https://goo.gl/fbAQLP

exports[`renders correctly when logged in 1`] = `
.c12 {
  border-collapse: collapse;
}

.c12 th,
.c12 td {
  border: 1px solid;
  white-space: wrap;
  max-width: 18rem;
  padding: 0.5rem 1rem;
}

.c12 th {
  font-weight: 600;
}

.c5 {
  display: block;
  font-family: Open Sans,sans-serif;
  font-size: 0.75rem;
  font-weight: 700;
  line-height: 1rem;
  margin: 0.5rem 0rem;
}

.c6 {
  height: 2rem;
  min-width: 10.75rem;
  max-width: 10.75rem;
  border-radius: 0.2rem;
  font-size: 0.85rem;
  padding-left: 1rem;
  padding-right: 1rem;
  border: 1px solid #edf1f7;
}

.c7 {
  margin-left: 2rem;
}

.c8 {
  margin-left: 1rem;
}

.c9 {
  display: block;
  font-family: Open Sans,sans-serif;
  font-size: 0.75rem;
  font-weight: 700;
  line-height: 1rem;
  margin: 0.5rem 0rem;
}

.c11 {
  margin-left: 1rem;
}

.c2 {
  border-right: 1px solid black;
  min-height: 64vh;
}

.c1 {
  display: -webkit-box;
  display: -webkit-flex;
  display: -ms-flexbox;
  display: flex;
}

.c3 {
  margin-left: 1rem;
}

.c4 {
  max-width: 10rem !important;
  min-width: 10rem !important;
}

.c10 {
  margin: 1rem;
  width: 10.6rem;
  height: 2rem;
  font-family: Open Sans,sans-serif;
  font-weight: 700;
  border-radius: 0.2rem;
  font-size: 0.8rem;
}

.c0 {
  margin-top: 2rem;
}

<div
  className="c0"
>
  <div
    className="c1"
  >
    <div
      className="c2"
    >
      <div
        className="c3"
      >
        <div
          className="c4"
        >
          <div>
            <label
              className="c5"
              htmlFor="Select Template: *"
            >
              Select Template: *
            </label>
            <select
              className="c6"
              id="Select Template: *"
              onChange={[Function]}
            >
              <option
                className="c7"
              >
                Please Select:
              </option>
            </select>
          </div>
        </div>
      </div>
      <div
        className="c8"
      >
        <span
          className="c9"
          onClick={[Function]}
          onKeyDown={[Function]}
        >
          Click to select dates:
        </span>
        <div />
      </div>
      <div
        className="c8"
      >
        <span
          className="c9"
          onClick={[Function]}
          onKeyDown={[Function]}
        >
          Click to search by unique id:
        </span>
        <div />
      </div>
      <div
        className="c8"
      >
        <span
          className="c9"
          onClick={[Function]}
          onKeyDown={[Function]}
        >
          Click to search by email:
        </span>
        <div />
      </div>
      <button
        className="c10"
        onClick={[Function]}
      >
        Search
      </button>
    </div>
    <div
      className="c11"
    >
      <div>
        <table
          className="c12"
        >
          <thead>
            <tr />
          </thead>
          <tbody />
        </table>
      </div>
    </div>
  </div>
</div>
`;
