// Jest Snapshot v1, https://goo.gl/fbAQLP

exports[`renders correctly when logged in 1`] = `
.c8 {
  border-collapse: collapse;
}

.c8 th,
.c8 td {
  border: 1px solid black;
  white-space: nowrap;
}

.c2 {
  display: block;
  font-family: Open Sans,sans-serif;
  font-size: 0.75rem;
  font-weight: 700;
  line-height: 1rem;
  margin: 0.5rem 0rem;
}

.c3 {
  height: 2rem;
  min-width: 20.2rem;
  max-width: 20.2rem;
  border-radius: 0.2rem;
  font-size: 0.85rem;
  padding-left: 1rem;
  padding-right: 1rem;
  border: 1px solid #edf1f7;
}

.c4 {
  margin-left: 2rem;
}

.c5 {
  margin-left: 1rem;
}

.c6 {
  display: block;
  font-family: Open Sans,sans-serif;
  font-size: 0.75rem;
  font-weight: 700;
  line-height: 1rem;
  margin: 0.5rem 0rem;
}

.c1 {
  margin-left: 1rem;
}

.c7 {
  margin: 1rem;
  width: 12rem;
  height: 3rem;
  font-family: Open Sans,sans-serif;
  font-weight: 700;
  border-radius: 0.2rem;
  font-size: 0.8rem;
}

.c0 {
  margin-top: 2rem;
}

<div
  className="c0"
>
  <div
    className="c1"
  >
    <div>
      <label
        className="c2"
        htmlFor="Select Template: *"
      >
        Select Template: *
      </label>
      <select
        className="c3"
        id="Select Template: *"
        onChange={[Function]}
      >
        <option
          className="c4"
        >
          Please Select:
        </option>
      </select>
    </div>
  </div>
  <div
    className="c5"
  >
    <span
      className="c6"
      onClick={[Function]}
      onKeyDown={[Function]}
    >
      Click to select dates:
    </span>
    <div />
  </div>
  <div
    className="c5"
  >
    <span
      className="c6"
      onClick={[Function]}
      onKeyDown={[Function]}
    >
      Click to search by unique id:
    </span>
    <div />
  </div>
  <div
    className="c5"
  >
    <span
      className="c6"
      onClick={[Function]}
      onKeyDown={[Function]}
    >
      Click to search by email:
    </span>
    <div />
  </div>
  <button
    className="c7"
    onClick={[Function]}
  >
    Search
  </button>
  <div>
    <table
      className="c8"
    >
      <thead>
        <tr />
      </thead>
      <tbody />
    </table>
  </div>
</div>
`;
