// Jest Snapshot v1, https://goo.gl/fbAQLP

exports[`renders correctly when logged in 1`] = `
.c0 {
  display: -webkit-box;
  display: -webkit-flex;
  display: -ms-flexbox;
  display: flex;
}

.c1 {
  -webkit-flex: 1;
  -ms-flex: 1;
  flex: 1;
  height: 72.37vh;
  border: 1px solid;
  padding: 0.5rem;
}

.c2 {
  -webkit-flex: 3;
  -ms-flex: 3;
  flex: 3;
}

<div
  className="c0"
>
  <div
    className="c1"
  />
  <div
    className="c2"
  />
</div>
`;

exports[`renders correctly when not logged in 1`] = `
.c0 {
  display: -webkit-box;
  display: -webkit-flex;
  display: -ms-flexbox;
  display: flex;
}

.c1 {
  -webkit-flex: 1;
  -ms-flex: 1;
  flex: 1;
  height: 72.37vh;
  border: 1px solid;
  padding: 0.5rem;
}

.c2 {
  -webkit-flex: 3;
  -ms-flex: 3;
  flex: 3;
}

<div
  className="c0"
>
  <div
    className="c1"
  />
  <div
    className="c2"
  />
</div>
`;
