// Jest Snapshot v1, https://goo.gl/fbAQLP

exports[`renders correctly when logged in 1`] = `
.c0 {
  display: -webkit-box;
  display: -webkit-flex;
  display: -ms-flexbox;
  display: flex;
}

.c1 {
  -webkit-flex: 1;
  -ms-flex: 1;
  flex: 1;
  height: 72.37vh;
  border: 1px solid;
  padding: 0.5rem;
}

.c4 {
  -webkit-flex: 3;
  -ms-flex: 3;
  flex: 3;
}

.c3 {
  display: -webkit-box;
  display: -webkit-flex;
  display: -ms-flexbox;
  display: flex;
  -webkit-box-pack: center;
  -webkit-justify-content: center;
  -ms-flex-pack: center;
  justify-content: center;
  -webkit-align-items: center;
  -webkit-box-align: center;
  -ms-flex-align: center;
  align-items: center;
  height: 5rem;
  width: 100%;
  border: 1px solid black;
  border-radius: 0.5rem;
  -webkit-text-decoration: none;
  text-decoration: none;
}

.c2 {
  -webkit-text-decoration: none;
  text-decoration: none;
}

<div
  className="c0"
>
  <div
    className="c1"
  >
    <a
      className="c2"
      href="/dashboard/irap-download"
      onClick={[Function]}
    >
      <div
        className="c3"
      >
        IRAP Download
      </div>
    </a>
  </div>
  <div
    className="c4"
  />
</div>
`;

exports[`renders correctly when not logged in 1`] = `
.c0 {
  display: -webkit-box;
  display: -webkit-flex;
  display: -ms-flexbox;
  display: flex;
}

.c1 {
  -webkit-flex: 1;
  -ms-flex: 1;
  flex: 1;
  height: 72.37vh;
  border: 1px solid;
  padding: 0.5rem;
}

.c4 {
  -webkit-flex: 3;
  -ms-flex: 3;
  flex: 3;
}

.c3 {
  display: -webkit-box;
  display: -webkit-flex;
  display: -ms-flexbox;
  display: flex;
  -webkit-box-pack: center;
  -webkit-justify-content: center;
  -ms-flex-pack: center;
  justify-content: center;
  -webkit-align-items: center;
  -webkit-box-align: center;
  -ms-flex-align: center;
  align-items: center;
  height: 5rem;
  width: 100%;
  border: 1px solid black;
  border-radius: 0.5rem;
  -webkit-text-decoration: none;
  text-decoration: none;
}

.c2 {
  -webkit-text-decoration: none;
  text-decoration: none;
}

<div
  className="c0"
>
  <div
    className="c1"
  >
    <a
      className="c2"
      href="/dashboard/irap-download"
      onClick={[Function]}
    >
      <div
        className="c3"
      >
        IRAP Download
      </div>
    </a>
  </div>
  <div
    className="c4"
  />
</div>
`;
