// Jest Snapshot v1, https://goo.gl/fbAQLP

exports[`renders correctly 1`] = `
.c0 {
  margin-top: 1rem;
  padding-top: 0.5rem;
  display: -webkit-box;
  display: -webkit-flex;
  display: -ms-flexbox;
  display: flex;
  -webkit-box-pack: center;
  -webkit-justify-content: center;
  -ms-flex-pack: center;
  justify-content: center;
  height: 2rem;
  min-width: 18rem;
  max-width: 18rem;
  border-radius: 0.2rem;
  font-size: 0.9rem;
  padding-left: 1rem;
  padding-right: 1rem;
  color: red;
  border: 1px solid #edf1f7;
}

<div
  className="c0"
>
  message
</div>
`;
