// Jest Snapshot v1, https://goo.gl/fbAQLP

exports[`renders correctly 1`] = `
.c1 {
  height: 2rem;
  min-width: 18rem;
  max-width: 18rem;
  border-radius: 0.2rem;
  font-size: 0.9rem;
  padding-left: 1rem;
  padding-right: 1rem;
  border: 1px solid #edf1f7;
}

.c0 {
  display: block;
  font-family: Open Sans,sans-serif;
  font-size: 0.75rem;
  font-weight: 700;
  line-height: 1rem;
  margin: 0.5rem 0rem;
}

<div>
  <label
    className="c0"
    htmlFor="organization"
  >
    Organization:
  </label>
  <input
    className="c1"
    name="organization"
    onChange={[Function]}
    onKeyDown={[Function]}
    placeholder="Organization"
    type="text"
    value="val"
  />
</div>
`;
